<?xml version="1.0" encoding="UTF-8"?>
<TestRun id="c520e43c-df93-4a3f-940e-eac3d689b574" name="dennis@PEOPLEEATER 2011-03-05 16:30:45" runUser="PeopleEater\dennis" xmlns="http://microsoft.com/schemas/VisualStudio/TeamTest/2010">
  <TestSettings name="Local" id="469dbf55-0fb3-4de3-9455-75d37def6e78">
    <Description>These are default test settings for a local test run.</Description>
    <Deployment enabled="false" runDeploymentRoot="dennis_PEOPLEEATER 2011-03-05 16_30_45">
      <DeploymentItem filename="D:\Users\Dennis\Documents\Visual Studio 2010\Projects\pvbeancounter\trunk\PVService\bin\Debug\PVService.exe" />
      <DeploymentItem filename="D:\Users\Dennis\Documents\Visual Studio 2010\Projects\pvbeancounter\trunk\Conversations\bin\x86\Debug\Conversations.dll" />
      <DeploymentItem filename="D:\Users\Dennis\Documents\Visual Studio 2010\Projects\pvbeancounter\external dlls\32Feet.Assemblies\XP2\InTheHand.Net.Personal.dll" />
      <DeploymentItem filename="D:\Users\Dennis\Documents\Visual Studio 2010\Projects\pvbeancounter\trunk\Utilities\bin\x86\Debug\Utilities.dll" />
      <DeploymentItem filename="D:\Users\Dennis\Documents\Visual Studio 2010\Projects\pvbeancounter\trunk\GenericConnector\bin\x86\Debug\GenericConnector.dll" />
      <DeploymentItem filename="D:\Users\Dennis\Documents\Visual Studio 2010\Projects\pvbeancounter\trunk\PVInverterManagement\bin\x86\Debug\PVInverterManagement.dll" />
      <DeploymentItem filename="D:\Users\Dennis\Documents\Visual Studio 2010\Projects\pvbeancounter\trunk\DeviceStream\bin\x86\Debug\DeviceStream.dll" />
      <DeploymentItem filename="D:\Users\Dennis\Documents\Visual Studio 2010\Projects\pvbeancounter\trunk\PVSettings\bin\x86\Debug\PVSettings.dll" />
    </Deployment>
    <Execution>
      <TestTypeSpecific />
      <AgentRule name="Execution Agents">
      </AgentRule>
    </Execution>
  </TestSettings>
  <Times creation="2011-03-05T16:30:45.2406878+10:00" queuing="2011-03-05T16:30:47.0307902+10:00" start="2011-03-05T16:30:47.1907993+10:00" finish="2011-03-05T16:31:18.2925782+10:00" />
  <ResultSummary outcome="Error">
    <Counters total="11" executed="1" error="0" failed="0" timeout="0" aborted="1" inconclusive="0" passedButRunAborted="0" notRunnable="0" notExecuted="10" disconnected="0" warning="0" passed="0" completed="0" inProgress="0" pending="0" />
    <RunInfos>
      <RunInfo computerName="PEOPLEEATER" outcome="Warning" timestamp="2011-03-05T16:30:45.2766898+10:00">
        <Text>Deployment is currently disabled. The deployment item 'PVService.exe' on test 'PVRecords_Test.PVServiceTest.OnStartTest' was not deployed.</Text>
      </RunInfo>
      <RunInfo computerName="PEOPLEEATER" outcome="Error" timestamp="2011-03-05T16:31:18.2565762+10:00">
        <Text>Test host process exited unexpectedly.</Text>
      </RunInfo>
    </RunInfos>
  </ResultSummary>
  <TestDefinitions>
    <UnitTest name="OnStartTest" storage="d:\users\dennis\documents\visual studio 2010\projects\pvbeancounter\trunk\pvrecords_test\bin\x86\debug\pvrecords_test.dll" id="fa07783a-7b64-985d-9203-06f03d4218a3">
      <DeploymentItems>
        <DeploymentItem filename="PVService.exe" />
      </DeploymentItems>
      <Execution id="842719d9-dd3c-4654-8c86-3ff95b8c557f" />
      <TestMethod codeBase="D:/Users/Dennis/Documents/Visual Studio 2010/Projects/pvbeancounter/trunk/PVRecords_Test/bin/x86/Debug/PVRecords_Test.DLL" adapterTypeName="Microsoft.VisualStudio.TestTools.TestTypes.Unit.UnitTestAdapter, Microsoft.VisualStudio.QualityTools.Tips.UnitTest.Adapter, Version=10.0.0.0, Culture=neutral, PublicKeyToken=b03f5f7f11d50a3a" className="PVRecords_Test.PVServiceTest, PVRecords_Test, Version=1.0.0.0, Culture=neutral, PublicKeyToken=null" name="OnStartTest" />
    </UnitTest>
    <UnitTest name="extractRecordsTest" storage="d:\users\dennis\documents\visual studio 2010\projects\pvbeancounter\trunk\pvrecords_test\bin\x86\debug\pvrecords_test.dll" id="cce70440-9a15-4a61-aca5-3e666f618c81">
      <Execution id="7de49e68-a355-4957-bbf1-732b458e791f" />
      <TestMethod codeBase="D:/Users/Dennis/Documents/Visual Studio 2010/Projects/pvbeancounter/trunk/PVRecords_Test/bin/x86/Debug/PVRecords_Test.DLL" adapterTypeName="Microsoft.VisualStudio.TestTools.TestTypes.Unit.UnitTestAdapter, Microsoft.VisualStudio.QualityTools.Tips.UnitTest.Adapter, Version=10.0.0.0, Culture=neutral, PublicKeyToken=b03f5f7f11d50a3a" className="PVRecords_Test.SunnyExplorerCSVParserTest, PVRecords_Test, Version=1.0.0.0, Culture=neutral, PublicKeyToken=null" name="extractRecordsTest" />
    </UnitTest>
    <UnitTest name="PrepareLoadListTest" storage="d:\users\dennis\documents\visual studio 2010\projects\pvbeancounter\trunk\pvrecords_test\bin\x86\debug\pvrecords_test.dll" id="f4155b3f-f552-fbef-c947-f288b0b80f08">
      <Execution id="077935b3-64a2-418a-a5c5-2d3d096f00db" />
      <TestMethod codeBase="D:/Users/Dennis/Documents/Visual Studio 2010/Projects/pvbeancounter/trunk/PVRecords_Test/bin/x86/Debug/PVRecords_Test.DLL" adapterTypeName="Microsoft.VisualStudio.TestTools.TestTypes.Unit.UnitTestAdapter, Microsoft.VisualStudio.QualityTools.Tips.UnitTest.Adapter, Version=10.0.0.0, Culture=neutral, PublicKeyToken=b03f5f7f11d50a3a" className="PVRecords_Test.PVOutputUtilitiesTest, PVRecords_Test, Version=1.0.0.0, Culture=neutral, PublicKeyToken=null" name="PrepareLoadListTest" />
    </UnitTest>
    <UnitTest name="ManageExecutionStateTest" storage="d:\users\dennis\documents\visual studio 2010\projects\pvbeancounter\trunk\pvrecords_test\bin\x86\debug\pvrecords_test.dll" id="8c93a772-f3de-a26f-66b1-0254c5ba6318">
      <DeploymentItems>
        <DeploymentItem filename="PVInverterManagement.dll" />
      </DeploymentItems>
      <Execution id="671ce76a-dfe1-4cfb-bcaf-07106ce9360d" />
      <TestMethod codeBase="D:/Users/Dennis/Documents/Visual Studio 2010/Projects/pvbeancounter/trunk/PVRecords_Test/bin/x86/Debug/PVRecords_Test.DLL" adapterTypeName="Microsoft.VisualStudio.TestTools.TestTypes.Unit.UnitTestAdapter, Microsoft.VisualStudio.QualityTools.Tips.UnitTest.Adapter, Version=10.0.0.0, Culture=neutral, PublicKeyToken=b03f5f7f11d50a3a" className="PVRecords_Test.ExecutionStateManagerTest, PVRecords_Test, Version=1.0.0.0, Culture=neutral, PublicKeyToken=null" name="ManageExecutionStateTest" />
    </UnitTest>
    <UnitTest name="GetMessageTest" storage="d:\users\dennis\documents\visual studio 2010\projects\pvbeancounter\trunk\pvrecords_test\bin\x86\debug\pvrecords_test.dll" id="77728677-88b6-005e-f385-94652e2eda07">
      <Execution id="39b2f9f6-6929-44a6-8a21-2f328fd6a63c" />
      <TestMethod codeBase="D:/Users/Dennis/Documents/Visual Studio 2010/Projects/pvbeancounter/trunk/PVRecords_Test/bin/x86/Debug/PVRecords_Test.DLL" adapterTypeName="Microsoft.VisualStudio.TestTools.TestTypes.Unit.UnitTestAdapter, Microsoft.VisualStudio.QualityTools.Tips.UnitTest.Adapter, Version=10.0.0.0, Culture=neutral, PublicKeyToken=b03f5f7f11d50a3a" className="PVRecords_Test.CCManagerTest, PVRecords_Test, Version=1.0.0.0, Culture=neutral, PublicKeyToken=null" name="GetMessageTest" />
    </UnitTest>
    <UnitTest name="ApplicationSettingsConstructorTest" storage="d:\users\dennis\documents\visual studio 2010\projects\pvbeancounter\trunk\pvrecords_test\bin\x86\debug\pvrecords_test.dll" id="b07455e8-d6f7-db20-cdce-595623ba955a">
      <Execution id="80f86539-6af2-4a78-8791-7b9a14311b27" />
      <TestMethod codeBase="D:/Users/Dennis/Documents/Visual Studio 2010/Projects/pvbeancounter/trunk/PVRecords_Test/bin/x86/Debug/PVRecords_Test.DLL" adapterTypeName="Microsoft.VisualStudio.TestTools.TestTypes.Unit.UnitTestAdapter, Microsoft.VisualStudio.QualityTools.Tips.UnitTest.Adapter, Version=10.0.0.0, Culture=neutral, PublicKeyToken=b03f5f7f11d50a3a" className="PVRecords_Test.ApplicationSettingsTest, PVRecords_Test, Version=1.0.0.0, Culture=neutral, PublicKeyToken=null" name="ApplicationSettingsConstructorTest" />
    </UnitTest>
    <UnitTest name="SuspendForDurationTest" storage="d:\users\dennis\documents\visual studio 2010\projects\pvbeancounter\trunk\pvrecords_test\bin\x86\debug\pvrecords_test.dll" id="3bdfeb6a-1940-3387-cd87-eb3de9d258af">
      <Execution id="b94cc2a9-bb2c-4ca4-9980-aa1647587c4f" />
      <TestMethod codeBase="D:/Users/Dennis/Documents/Visual Studio 2010/Projects/pvbeancounter/trunk/PVRecords_Test/bin/x86/Debug/PVRecords_Test.DLL" adapterTypeName="Microsoft.VisualStudio.TestTools.TestTypes.Unit.UnitTestAdapter, Microsoft.VisualStudio.QualityTools.Tips.UnitTest.Adapter, Version=10.0.0.0, Culture=neutral, PublicKeyToken=b03f5f7f11d50a3a" className="PVRecords_Test.SystemServicesTest, PVRecords_Test, Version=1.0.0.0, Culture=neutral, PublicKeyToken=null" name="SuspendForDurationTest" />
    </UnitTest>
    <UnitTest name="RunExtractTest" storage="d:\users\dennis\documents\visual studio 2010\projects\pvbeancounter\trunk\pvrecords_test\bin\x86\debug\pvrecords_test.dll" id="3c9984cf-43c8-041a-86d6-73e5c5077978">
      <Execution id="0ecd2ec1-a6d8-4ed0-8ddd-3946063d0f9c" />
      <TestMethod codeBase="D:/Users/Dennis/Documents/Visual Studio 2010/Projects/pvbeancounter/trunk/PVRecords_Test/bin/x86/Debug/PVRecords_Test.DLL" adapterTypeName="Microsoft.VisualStudio.TestTools.TestTypes.Unit.UnitTestAdapter, Microsoft.VisualStudio.QualityTools.Tips.UnitTest.Adapter, Version=10.0.0.0, Culture=neutral, PublicKeyToken=b03f5f7f11d50a3a" className="PVRecords_Test.InverterManagerTest, PVRecords_Test, Version=1.0.0.0, Culture=neutral, PublicKeyToken=null" name="RunExtractTest" />
    </UnitTest>
    <UnitTest name="UpdateTo_1_3_0_0Test" storage="d:\users\dennis\documents\visual studio 2010\projects\pvbeancounter\trunk\pvrecords_test\bin\x86\debug\pvrecords_test.dll" id="97d6d7ba-50e8-19b3-81e8-e5706c5bcf43">
      <Execution id="43e07c4d-f4d8-46f6-8df4-d76d27f02528" />
      <TestMethod codeBase="D:/Users/Dennis/Documents/Visual Studio 2010/Projects/pvbeancounter/trunk/PVRecords_Test/bin/x86/Debug/PVRecords_Test.DLL" adapterTypeName="Microsoft.VisualStudio.TestTools.TestTypes.Unit.UnitTestAdapter, Microsoft.VisualStudio.QualityTools.Tips.UnitTest.Adapter, Version=10.0.0.0, Culture=neutral, PublicKeyToken=b03f5f7f11d50a3a" className="PVRecords_Test.VersionManagerTest, PVRecords_Test, Version=1.0.0.0, Culture=neutral, PublicKeyToken=null" name="UpdateTo_1_3_0_0Test" />
    </UnitTest>
    <UnitTest name="MonitorCCEnviRTest" storage="d:\users\dennis\documents\visual studio 2010\projects\pvbeancounter\trunk\pvrecords_test\bin\x86\debug\pvrecords_test.dll" id="304bec18-6cbf-4ddf-d11a-6159bd7832ea">
      <Execution id="76147549-8301-41bb-a078-3876b62a69c2" />
      <TestMethod codeBase="D:/Users/Dennis/Documents/Visual Studio 2010/Projects/pvbeancounter/trunk/PVRecords_Test/bin/x86/Debug/PVRecords_Test.DLL" adapterTypeName="Microsoft.VisualStudio.TestTools.TestTypes.Unit.UnitTestAdapter, Microsoft.VisualStudio.QualityTools.Tips.UnitTest.Adapter, Version=10.0.0.0, Culture=neutral, PublicKeyToken=b03f5f7f11d50a3a" className="PVRecords_Test.CCManagerTest, PVRecords_Test, Version=1.0.0.0, Culture=neutral, PublicKeyToken=null" name="MonitorCCEnviRTest" />
    </UnitTest>
    <UnitTest name="ReadFromBufferTest" storage="d:\users\dennis\documents\visual studio 2010\projects\pvbeancounter\trunk\pvrecords_test\bin\x86\debug\pvrecords_test.dll" id="df75989c-ce1a-3a2f-0c63-189750f309f8">
      <Execution id="69d509b6-3d3e-49e9-9eca-e22e66fefdd3" />
      <TestMethod codeBase="D:/Users/Dennis/Documents/Visual Studio 2010/Projects/pvbeancounter/trunk/PVRecords_Test/bin/x86/Debug/PVRecords_Test.DLL" adapterTypeName="Microsoft.VisualStudio.TestTools.TestTypes.Unit.UnitTestAdapter, Microsoft.VisualStudio.QualityTools.Tips.UnitTest.Adapter, Version=10.0.0.0, Culture=neutral, PublicKeyToken=b03f5f7f11d50a3a" className="PVRecords_Test.DeviceStreamTest, PVRecords_Test, Version=1.0.0.0, Culture=neutral, PublicKeyToken=null" name="ReadFromBufferTest" />
    </UnitTest>
  </TestDefinitions>
  <TestLists>
    <TestList name="Results Not in a List" id="8c84fa94-04c1-424b-9868-57a2d4851a1d" />
    <TestList name="All Loaded Results" id="19431567-8539-422a-85d7-44ee4e166bda" />
  </TestLists>
  <TestEntries>
    <TestEntry testId="304bec18-6cbf-4ddf-d11a-6159bd7832ea" executionId="76147549-8301-41bb-a078-3876b62a69c2" testListId="8c84fa94-04c1-424b-9868-57a2d4851a1d" />
    <TestEntry testId="3bdfeb6a-1940-3387-cd87-eb3de9d258af" executionId="b94cc2a9-bb2c-4ca4-9980-aa1647587c4f" testListId="8c84fa94-04c1-424b-9868-57a2d4851a1d" />
    <TestEntry testId="3c9984cf-43c8-041a-86d6-73e5c5077978" executionId="0ecd2ec1-a6d8-4ed0-8ddd-3946063d0f9c" testListId="8c84fa94-04c1-424b-9868-57a2d4851a1d" />
    <TestEntry testId="77728677-88b6-005e-f385-94652e2eda07" executionId="39b2f9f6-6929-44a6-8a21-2f328fd6a63c" testListId="8c84fa94-04c1-424b-9868-57a2d4851a1d" />
    <TestEntry testId="8c93a772-f3de-a26f-66b1-0254c5ba6318" executionId="671ce76a-dfe1-4cfb-bcaf-07106ce9360d" testListId="8c84fa94-04c1-424b-9868-57a2d4851a1d" />
    <TestEntry testId="97d6d7ba-50e8-19b3-81e8-e5706c5bcf43" executionId="43e07c4d-f4d8-46f6-8df4-d76d27f02528" testListId="8c84fa94-04c1-424b-9868-57a2d4851a1d" />
    <TestEntry testId="b07455e8-d6f7-db20-cdce-595623ba955a" executionId="80f86539-6af2-4a78-8791-7b9a14311b27" testListId="8c84fa94-04c1-424b-9868-57a2d4851a1d" />
    <TestEntry testId="cce70440-9a15-4a61-aca5-3e666f618c81" executionId="7de49e68-a355-4957-bbf1-732b458e791f" testListId="8c84fa94-04c1-424b-9868-57a2d4851a1d" />
    <TestEntry testId="df75989c-ce1a-3a2f-0c63-189750f309f8" executionId="69d509b6-3d3e-49e9-9eca-e22e66fefdd3" testListId="8c84fa94-04c1-424b-9868-57a2d4851a1d" />
    <TestEntry testId="f4155b3f-f552-fbef-c947-f288b0b80f08" executionId="077935b3-64a2-418a-a5c5-2d3d096f00db" testListId="8c84fa94-04c1-424b-9868-57a2d4851a1d" />
    <TestEntry testId="fa07783a-7b64-985d-9203-06f03d4218a3" executionId="842719d9-dd3c-4654-8c86-3ff95b8c557f" testListId="8c84fa94-04c1-424b-9868-57a2d4851a1d" />
  </TestEntries>
  <Results>
    <UnitTestResult executionId="76147549-8301-41bb-a078-3876b62a69c2" testId="304bec18-6cbf-4ddf-d11a-6159bd7832ea" testName="MonitorCCEnviRTest" computerName="PEOPLEEATER" duration="00:00:30.9857723" startTime="2011-03-05T16:30:47.3058059+10:00" endTime="2011-03-05T16:31:18.2915782+10:00" testType="13cdc9d9-ddb5-4fa4-a97d-d965ccfc6d4b" outcome="Aborted" testListId="8c84fa94-04c1-424b-9868-57a2d4851a1d" relativeResultsDirectory="76147549-8301-41bb-a078-3876b62a69c2">
    </UnitTestResult>
    <UnitTestResult executionId="b94cc2a9-bb2c-4ca4-9980-aa1647587c4f" testId="3bdfeb6a-1940-3387-cd87-eb3de9d258af" testName="SuspendForDurationTest" computerName="PEOPLEEATER" testType="13cdc9d9-ddb5-4fa4-a97d-d965ccfc6d4b" outcome="NotExecuted" testListId="8c84fa94-04c1-424b-9868-57a2d4851a1d" relativeResultsDirectory="b94cc2a9-bb2c-4ca4-9980-aa1647587c4f">
    </UnitTestResult>
    <UnitTestResult executionId="0ecd2ec1-a6d8-4ed0-8ddd-3946063d0f9c" testId="3c9984cf-43c8-041a-86d6-73e5c5077978" testName="RunExtractTest" computerName="PEOPLEEATER" testType="13cdc9d9-ddb5-4fa4-a97d-d965ccfc6d4b" outcome="NotExecuted" testListId="8c84fa94-04c1-424b-9868-57a2d4851a1d" relativeResultsDirectory="0ecd2ec1-a6d8-4ed0-8ddd-3946063d0f9c">
    </UnitTestResult>
    <UnitTestResult executionId="39b2f9f6-6929-44a6-8a21-2f328fd6a63c" testId="77728677-88b6-005e-f385-94652e2eda07" testName="GetMessageTest" computerName="PEOPLEEATER" testType="13cdc9d9-ddb5-4fa4-a97d-d965ccfc6d4b" outcome="NotExecuted" testListId="8c84fa94-04c1-424b-9868-57a2d4851a1d" relativeResultsDirectory="39b2f9f6-6929-44a6-8a21-2f328fd6a63c">
    </UnitTestResult>
    <UnitTestResult executionId="671ce76a-dfe1-4cfb-bcaf-07106ce9360d" testId="8c93a772-f3de-a26f-66b1-0254c5ba6318" testName="ManageExecutionStateTest" computerName="PEOPLEEATER" testType="13cdc9d9-ddb5-4fa4-a97d-d965ccfc6d4b" outcome="NotExecuted" testListId="8c84fa94-04c1-424b-9868-57a2d4851a1d" relativeResultsDirectory="671ce76a-dfe1-4cfb-bcaf-07106ce9360d">
    </UnitTestResult>
    <UnitTestResult executionId="43e07c4d-f4d8-46f6-8df4-d76d27f02528" testId="97d6d7ba-50e8-19b3-81e8-e5706c5bcf43" testName="UpdateTo_1_3_0_0Test" computerName="PEOPLEEATER" testType="13cdc9d9-ddb5-4fa4-a97d-d965ccfc6d4b" outcome="NotExecuted" testListId="8c84fa94-04c1-424b-9868-57a2d4851a1d" relativeResultsDirectory="43e07c4d-f4d8-46f6-8df4-d76d27f02528">
    </UnitTestResult>
    <UnitTestResult executionId="80f86539-6af2-4a78-8791-7b9a14311b27" testId="b07455e8-d6f7-db20-cdce-595623ba955a" testName="ApplicationSettingsConstructorTest" computerName="PEOPLEEATER" testType="13cdc9d9-ddb5-4fa4-a97d-d965ccfc6d4b" outcome="NotExecuted" testListId="8c84fa94-04c1-424b-9868-57a2d4851a1d" relativeResultsDirectory="80f86539-6af2-4a78-8791-7b9a14311b27">
    </UnitTestResult>
    <UnitTestResult executionId="7de49e68-a355-4957-bbf1-732b458e791f" testId="cce70440-9a15-4a61-aca5-3e666f618c81" testName="extractRecordsTest" computerName="PEOPLEEATER" testType="13cdc9d9-ddb5-4fa4-a97d-d965ccfc6d4b" outcome="NotExecuted" testListId="8c84fa94-04c1-424b-9868-57a2d4851a1d" relativeResultsDirectory="7de49e68-a355-4957-bbf1-732b458e791f">
    </UnitTestResult>
    <UnitTestResult executionId="69d509b6-3d3e-49e9-9eca-e22e66fefdd3" testId="df75989c-ce1a-3a2f-0c63-189750f309f8" testName="ReadFromBufferTest" computerName="PEOPLEEATER" testType="13cdc9d9-ddb5-4fa4-a97d-d965ccfc6d4b" outcome="NotExecuted" testListId="8c84fa94-04c1-424b-9868-57a2d4851a1d" relativeResultsDirectory="69d509b6-3d3e-49e9-9eca-e22e66fefdd3">
    </UnitTestResult>
    <UnitTestResult executionId="077935b3-64a2-418a-a5c5-2d3d096f00db" testId="f4155b3f-f552-fbef-c947-f288b0b80f08" testName="PrepareLoadListTest" computerName="PEOPLEEATER" testType="13cdc9d9-ddb5-4fa4-a97d-d965ccfc6d4b" outcome="NotExecuted" testListId="8c84fa94-04c1-424b-9868-57a2d4851a1d" relativeResultsDirectory="077935b3-64a2-418a-a5c5-2d3d096f00db">
    </UnitTestResult>
    <UnitTestResult executionId="842719d9-dd3c-4654-8c86-3ff95b8c557f" testId="fa07783a-7b64-985d-9203-06f03d4218a3" testName="OnStartTest" computerName="PEOPLEEATER" testType="13cdc9d9-ddb5-4fa4-a97d-d965ccfc6d4b" outcome="NotExecuted" testListId="8c84fa94-04c1-424b-9868-57a2d4851a1d" relativeResultsDirectory="842719d9-dd3c-4654-8c86-3ff95b8c557f">
    </UnitTestResult>
  </Results>
</TestRun>