<?xml version="1.0" encoding="UTF-8"?>
<TestRun id="879549a8-16d7-41d7-8550-dc9d65e722a4" name="Dennis@BLACKSATIN 2011-10-01 09:30:04" runUser="BlackSatin\Dennis" xmlns="http://microsoft.com/schemas/VisualStudio/TeamTest/2010">
  <TestSettings name="Local" id="469dbf55-0fb3-4de3-9455-75d37def6e78">
    <Description>These are default test settings for a local test run.</Description>
    <Deployment enabled="false" runDeploymentRoot="Dennis_BLACKSATIN 2011-10-01 09_30_04">
      <DeploymentItem filename="D:\Users\Dennis\My Documents\Visual Studio 2010\Projects\pvbeancounter\trunk\Conversations\bin\x86\Debug\Conversations.dll" />
      <DeploymentItem filename="D:\Users\Dennis\My Documents\Visual Studio 2010\Projects\pvbeancounter\trunk\GenericConnector\bin\x86\Debug\GenericConnector.dll" />
      <DeploymentItem filename="D:\Users\Dennis\My Documents\Visual Studio 2010\Projects\pvbeancounter\trunk\PVInverterManagement\bin\x86\Debug\PVInverterManagement.dll" />
      <DeploymentItem filename="D:\Users\Dennis\My Documents\Visual Studio 2010\Projects\pvbeancounter\trunk\Utilities\bin\x86\Debug\Utilities.dll" />
      <DeploymentItem filename="D:\Users\Dennis\My Documents\Visual Studio 2010\Projects\pvbeancounter\external dlls\32Feet.Assemblies\XP2\InTheHand.Net.Personal.dll" />
      <DeploymentItem filename="D:\Users\Dennis\My Documents\Visual Studio 2010\Projects\pvbeancounter\trunk\PVSettings\bin\x86\Debug\PVSettings.dll" />
      <DeploymentItem filename="D:\Users\Dennis\My Documents\Visual Studio 2010\Projects\pvbeancounter\trunk\DeviceStream\bin\x86\Debug\DeviceStream.dll" />
      <DeploymentItem filename="D:\Users\Dennis\My Documents\Visual Studio 2010\Projects\pvbeancounter\trunk\PVService\bin\Debug\PVService.exe" />
    </Deployment>
    <Execution>
      <TestTypeSpecific />
      <AgentRule name="Execution Agents">
      </AgentRule>
    </Execution>
  </TestSettings>
  <Times creation="2011-10-01T09:30:04.6435600+10:00" queuing="2011-10-01T09:30:23.2543927+10:00" start="2011-10-01T09:30:23.4883931+10:00" finish="2011-10-01T09:31:09.7812869+10:00" />
  <ResultSummary outcome="Error">
    <Counters total="8" executed="5" passed="4" error="0" failed="0" timeout="0" aborted="1" inconclusive="0" passedButRunAborted="0" notRunnable="0" notExecuted="3" disconnected="0" warning="0" completed="0" inProgress="0" pending="0" />
    <RunInfos>
      <RunInfo computerName="BLACKSATIN" outcome="Warning" timestamp="2011-10-01T09:30:20.7271882+10:00">
        <Text>Deployment is currently disabled. The deployment item 'PVService.exe' on test 'PVRecords_Test.PVServiceTest.OnStartTest' was not deployed.</Text>
      </RunInfo>
      <RunInfo computerName="BLACKSATIN" outcome="Error" timestamp="2011-10-01T09:31:09.7656869+10:00">
        <Text>Test host process exited unexpectedly.</Text>
      </RunInfo>
    </RunInfos>
  </ResultSummary>
  <TestDefinitions>
    <UnitTest name="OnStartTest" storage="d:\users\dennis\my documents\visual studio 2010\projects\pvbeancounter\trunk\pvrecords_test\bin\x86\debug\pvrecords_test.dll" id="fa07783a-7b64-985d-9203-06f03d4218a3">
      <DeploymentItems>
        <DeploymentItem filename="PVService.exe" />
      </DeploymentItems>
      <Execution id="081d5dd0-698f-43d5-a869-78b54ce9ae91" />
      <TestMethod codeBase="D:/Users/Dennis/My Documents/Visual Studio 2010/Projects/pvbeancounter/trunk/PVRecords_Test/bin/x86/Debug/PVRecords_Test.DLL" adapterTypeName="Microsoft.VisualStudio.TestTools.TestTypes.Unit.UnitTestAdapter, Microsoft.VisualStudio.QualityTools.Tips.UnitTest.Adapter, Version=10.0.0.0, Culture=neutral, PublicKeyToken=b03f5f7f11d50a3a" className="PVRecords_Test.PVServiceTest, PVRecords_Test, Version=1.0.0.0, Culture=neutral, PublicKeyToken=null" name="OnStartTest" />
    </UnitTest>
    <UnitTest name="extractRecordsTest" storage="d:\users\dennis\my documents\visual studio 2010\projects\pvbeancounter\trunk\pvrecords_test\bin\x86\debug\pvrecords_test.dll" id="cce70440-9a15-4a61-aca5-3e666f618c81">
      <Execution id="43e6aba9-b047-4fe6-ade0-239033b12ae9" />
      <TestMethod codeBase="D:/Users/Dennis/My Documents/Visual Studio 2010/Projects/pvbeancounter/trunk/PVRecords_Test/bin/x86/Debug/PVRecords_Test.DLL" adapterTypeName="Microsoft.VisualStudio.TestTools.TestTypes.Unit.UnitTestAdapter, Microsoft.VisualStudio.QualityTools.Tips.UnitTest.Adapter, Version=10.0.0.0, Culture=neutral, PublicKeyToken=b03f5f7f11d50a3a" className="PVRecords_Test.SunnyExplorerCSVParserTest, PVRecords_Test, Version=1.0.0.0, Culture=neutral, PublicKeyToken=null" name="extractRecordsTest" />
    </UnitTest>
    <UnitTest name="ManageExecutionStateTest" storage="d:\users\dennis\my documents\visual studio 2010\projects\pvbeancounter\trunk\pvrecords_test\bin\x86\debug\pvrecords_test.dll" id="8c93a772-f3de-a26f-66b1-0254c5ba6318">
      <DeploymentItems>
        <DeploymentItem filename="PVInverterManagement.dll" />
      </DeploymentItems>
      <Execution id="65341d4a-a6fe-4028-b06a-7241926582a8" />
      <TestMethod codeBase="D:/Users/Dennis/My Documents/Visual Studio 2010/Projects/pvbeancounter/trunk/PVRecords_Test/bin/x86/Debug/PVRecords_Test.DLL" adapterTypeName="Microsoft.VisualStudio.TestTools.TestTypes.Unit.UnitTestAdapter, Microsoft.VisualStudio.QualityTools.Tips.UnitTest.Adapter, Version=10.0.0.0, Culture=neutral, PublicKeyToken=b03f5f7f11d50a3a" className="PVRecords_Test.ExecutionStateManagerTest, PVRecords_Test, Version=1.0.0.0, Culture=neutral, PublicKeyToken=null" name="ManageExecutionStateTest" />
    </UnitTest>
    <UnitTest name="GetMessageTest" storage="d:\users\dennis\my documents\visual studio 2010\projects\pvbeancounter\trunk\pvrecords_test\bin\x86\debug\pvrecords_test.dll" id="77728677-88b6-005e-f385-94652e2eda07">
      <Execution id="3e54a5f5-4002-4138-b8fd-25798bce33e0" />
      <TestMethod codeBase="D:/Users/Dennis/My Documents/Visual Studio 2010/Projects/pvbeancounter/trunk/PVRecords_Test/bin/x86/Debug/PVRecords_Test.DLL" adapterTypeName="Microsoft.VisualStudio.TestTools.TestTypes.Unit.UnitTestAdapter, Microsoft.VisualStudio.QualityTools.Tips.UnitTest.Adapter, Version=10.0.0.0, Culture=neutral, PublicKeyToken=b03f5f7f11d50a3a" className="PVRecords_Test.CCManagerTest, PVRecords_Test, Version=1.0.0.0, Culture=neutral, PublicKeyToken=null" name="GetMessageTest" />
    </UnitTest>
    <UnitTest name="ApplicationSettingsConstructorTest" storage="d:\users\dennis\my documents\visual studio 2010\projects\pvbeancounter\trunk\pvrecords_test\bin\x86\debug\pvrecords_test.dll" id="b07455e8-d6f7-db20-cdce-595623ba955a">
      <Execution id="8d20d2a3-7dcc-46e0-adb1-c99ed95400da" />
      <TestMethod codeBase="D:/Users/Dennis/My Documents/Visual Studio 2010/Projects/pvbeancounter/trunk/PVRecords_Test/bin/x86/Debug/PVRecords_Test.DLL" adapterTypeName="Microsoft.VisualStudio.TestTools.TestTypes.Unit.UnitTestAdapter, Microsoft.VisualStudio.QualityTools.Tips.UnitTest.Adapter, Version=10.0.0.0, Culture=neutral, PublicKeyToken=b03f5f7f11d50a3a" className="PVRecords_Test.ApplicationSettingsTest, PVRecords_Test, Version=1.0.0.0, Culture=neutral, PublicKeyToken=null" name="ApplicationSettingsConstructorTest" />
    </UnitTest>
    <UnitTest name="SuspendForDurationTest" storage="d:\users\dennis\my documents\visual studio 2010\projects\pvbeancounter\trunk\pvrecords_test\bin\x86\debug\pvrecords_test.dll" id="3bdfeb6a-1940-3387-cd87-eb3de9d258af">
      <Execution id="2440ffde-10e6-4113-b560-9798ae25b8aa" />
      <TestMethod codeBase="D:/Users/Dennis/My Documents/Visual Studio 2010/Projects/pvbeancounter/trunk/PVRecords_Test/bin/x86/Debug/PVRecords_Test.DLL" adapterTypeName="Microsoft.VisualStudio.TestTools.TestTypes.Unit.UnitTestAdapter, Microsoft.VisualStudio.QualityTools.Tips.UnitTest.Adapter, Version=10.0.0.0, Culture=neutral, PublicKeyToken=b03f5f7f11d50a3a" className="PVRecords_Test.SystemServicesTest, PVRecords_Test, Version=1.0.0.0, Culture=neutral, PublicKeyToken=null" name="SuspendForDurationTest" />
    </UnitTest>
    <UnitTest name="RunExtractTest" storage="d:\users\dennis\my documents\visual studio 2010\projects\pvbeancounter\trunk\pvrecords_test\bin\x86\debug\pvrecords_test.dll" id="3c9984cf-43c8-041a-86d6-73e5c5077978">
      <Execution id="53a7cd64-c548-42a3-abe3-e68df1ea8daf" />
      <TestMethod codeBase="D:/Users/Dennis/My Documents/Visual Studio 2010/Projects/pvbeancounter/trunk/PVRecords_Test/bin/x86/Debug/PVRecords_Test.DLL" adapterTypeName="Microsoft.VisualStudio.TestTools.TestTypes.Unit.UnitTestAdapter, Microsoft.VisualStudio.QualityTools.Tips.UnitTest.Adapter, Version=10.0.0.0, Culture=neutral, PublicKeyToken=b03f5f7f11d50a3a" className="PVRecords_Test.InverterManagerTest, PVRecords_Test, Version=1.0.0.0, Culture=neutral, PublicKeyToken=null" name="RunExtractTest" />
    </UnitTest>
    <UnitTest name="MonitorCCEnviRTest" storage="d:\users\dennis\my documents\visual studio 2010\projects\pvbeancounter\trunk\pvrecords_test\bin\x86\debug\pvrecords_test.dll" id="304bec18-6cbf-4ddf-d11a-6159bd7832ea">
      <Execution id="aceb13aa-f3f0-430d-8a55-bffaff4d1608" />
      <TestMethod codeBase="D:/Users/Dennis/My Documents/Visual Studio 2010/Projects/pvbeancounter/trunk/PVRecords_Test/bin/x86/Debug/PVRecords_Test.DLL" adapterTypeName="Microsoft.VisualStudio.TestTools.TestTypes.Unit.UnitTestAdapter, Microsoft.VisualStudio.QualityTools.Tips.UnitTest.Adapter, Version=10.0.0.0, Culture=neutral, PublicKeyToken=b03f5f7f11d50a3a" className="PVRecords_Test.CCManagerTest, PVRecords_Test, Version=1.0.0.0, Culture=neutral, PublicKeyToken=null" name="MonitorCCEnviRTest" />
    </UnitTest>
  </TestDefinitions>
  <TestLists>
    <TestList name="Results Not in a List" id="8c84fa94-04c1-424b-9868-57a2d4851a1d" />
    <TestList name="All Loaded Results" id="19431567-8539-422a-85d7-44ee4e166bda" />
  </TestLists>
  <TestEntries>
    <TestEntry testId="304bec18-6cbf-4ddf-d11a-6159bd7832ea" executionId="aceb13aa-f3f0-430d-8a55-bffaff4d1608" testListId="8c84fa94-04c1-424b-9868-57a2d4851a1d" />
    <TestEntry testId="3bdfeb6a-1940-3387-cd87-eb3de9d258af" executionId="2440ffde-10e6-4113-b560-9798ae25b8aa" testListId="8c84fa94-04c1-424b-9868-57a2d4851a1d" />
    <TestEntry testId="3c9984cf-43c8-041a-86d6-73e5c5077978" executionId="53a7cd64-c548-42a3-abe3-e68df1ea8daf" testListId="8c84fa94-04c1-424b-9868-57a2d4851a1d" />
    <TestEntry testId="77728677-88b6-005e-f385-94652e2eda07" executionId="3e54a5f5-4002-4138-b8fd-25798bce33e0" testListId="8c84fa94-04c1-424b-9868-57a2d4851a1d" />
    <TestEntry testId="8c93a772-f3de-a26f-66b1-0254c5ba6318" executionId="65341d4a-a6fe-4028-b06a-7241926582a8" testListId="8c84fa94-04c1-424b-9868-57a2d4851a1d" />
    <TestEntry testId="b07455e8-d6f7-db20-cdce-595623ba955a" executionId="8d20d2a3-7dcc-46e0-adb1-c99ed95400da" testListId="8c84fa94-04c1-424b-9868-57a2d4851a1d" />
    <TestEntry testId="cce70440-9a15-4a61-aca5-3e666f618c81" executionId="43e6aba9-b047-4fe6-ade0-239033b12ae9" testListId="8c84fa94-04c1-424b-9868-57a2d4851a1d" />
    <TestEntry testId="fa07783a-7b64-985d-9203-06f03d4218a3" executionId="081d5dd0-698f-43d5-a869-78b54ce9ae91" testListId="8c84fa94-04c1-424b-9868-57a2d4851a1d" />
  </TestEntries>
  <Results>
    <UnitTestResult executionId="aceb13aa-f3f0-430d-8a55-bffaff4d1608" testId="304bec18-6cbf-4ddf-d11a-6159bd7832ea" testName="MonitorCCEnviRTest" computerName="BLACKSATIN" duration="00:00:00.0098377" startTime="2011-10-01T09:30:23.7223935+10:00" endTime="2011-10-01T09:30:25.8127971+10:00" testType="13cdc9d9-ddb5-4fa4-a97d-d965ccfc6d4b" outcome="Passed" testListId="8c84fa94-04c1-424b-9868-57a2d4851a1d" relativeResultsDirectory="aceb13aa-f3f0-430d-8a55-bffaff4d1608">
    </UnitTestResult>
    <UnitTestResult executionId="2440ffde-10e6-4113-b560-9798ae25b8aa" testId="3bdfeb6a-1940-3387-cd87-eb3de9d258af" testName="SuspendForDurationTest" computerName="BLACKSATIN" duration="00:00:00.0003553" startTime="2011-10-01T09:30:25.8283972+10:00" endTime="2011-10-01T09:30:25.8283972+10:00" testType="13cdc9d9-ddb5-4fa4-a97d-d965ccfc6d4b" outcome="Passed" testListId="8c84fa94-04c1-424b-9868-57a2d4851a1d" relativeResultsDirectory="2440ffde-10e6-4113-b560-9798ae25b8aa">
    </UnitTestResult>
    <UnitTestResult executionId="53a7cd64-c548-42a3-abe3-e68df1ea8daf" testId="3c9984cf-43c8-041a-86d6-73e5c5077978" testName="RunExtractTest" computerName="BLACKSATIN" duration="00:00:00.0003494" startTime="2011-10-01T09:30:25.8439972+10:00" endTime="2011-10-01T09:30:25.8439972+10:00" testType="13cdc9d9-ddb5-4fa4-a97d-d965ccfc6d4b" outcome="Passed" testListId="8c84fa94-04c1-424b-9868-57a2d4851a1d" relativeResultsDirectory="53a7cd64-c548-42a3-abe3-e68df1ea8daf">
    </UnitTestResult>
    <UnitTestResult executionId="3e54a5f5-4002-4138-b8fd-25798bce33e0" testId="77728677-88b6-005e-f385-94652e2eda07" testName="GetMessageTest" computerName="BLACKSATIN" duration="00:00:00.0002049" startTime="2011-10-01T09:30:25.8595972+10:00" endTime="2011-10-01T09:30:25.8751973+10:00" testType="13cdc9d9-ddb5-4fa4-a97d-d965ccfc6d4b" outcome="Passed" testListId="8c84fa94-04c1-424b-9868-57a2d4851a1d" relativeResultsDirectory="3e54a5f5-4002-4138-b8fd-25798bce33e0">
    </UnitTestResult>
    <UnitTestResult executionId="65341d4a-a6fe-4028-b06a-7241926582a8" testId="8c93a772-f3de-a26f-66b1-0254c5ba6318" testName="ManageExecutionStateTest" computerName="BLACKSATIN" duration="00:00:43.8904896" startTime="2011-10-01T09:30:25.8907973+10:00" endTime="2011-10-01T09:31:09.7812869+10:00" testType="13cdc9d9-ddb5-4fa4-a97d-d965ccfc6d4b" outcome="Aborted" testListId="8c84fa94-04c1-424b-9868-57a2d4851a1d" relativeResultsDirectory="65341d4a-a6fe-4028-b06a-7241926582a8">
    </UnitTestResult>
    <UnitTestResult executionId="8d20d2a3-7dcc-46e0-adb1-c99ed95400da" testId="b07455e8-d6f7-db20-cdce-595623ba955a" testName="ApplicationSettingsConstructorTest" computerName="BLACKSATIN" testType="13cdc9d9-ddb5-4fa4-a97d-d965ccfc6d4b" outcome="NotExecuted" testListId="8c84fa94-04c1-424b-9868-57a2d4851a1d" relativeResultsDirectory="8d20d2a3-7dcc-46e0-adb1-c99ed95400da">
    </UnitTestResult>
    <UnitTestResult executionId="43e6aba9-b047-4fe6-ade0-239033b12ae9" testId="cce70440-9a15-4a61-aca5-3e666f618c81" testName="extractRecordsTest" computerName="BLACKSATIN" testType="13cdc9d9-ddb5-4fa4-a97d-d965ccfc6d4b" outcome="NotExecuted" testListId="8c84fa94-04c1-424b-9868-57a2d4851a1d" relativeResultsDirectory="43e6aba9-b047-4fe6-ade0-239033b12ae9">
    </UnitTestResult>
    <UnitTestResult executionId="081d5dd0-698f-43d5-a869-78b54ce9ae91" testId="fa07783a-7b64-985d-9203-06f03d4218a3" testName="OnStartTest" computerName="BLACKSATIN" testType="13cdc9d9-ddb5-4fa4-a97d-d965ccfc6d4b" outcome="NotExecuted" testListId="8c84fa94-04c1-424b-9868-57a2d4851a1d" relativeResultsDirectory="081d5dd0-698f-43d5-a869-78b54ce9ae91">
    </UnitTestResult>
  </Results>
</TestRun>